¿Qué es un conflicto?
Es cuando Git no puede combinar automáticamente cambios diferentes en el mismo archivo o línea.

¿Cuándo ocurre?
Ocurre al hacer merge o pull si dos personas o ramas modificaron la misma parte de un archivo.

¿Es bueno o malo?
No es ni bueno ni malo, es una señal de que hay que resolver manualmente para evitar errores.

¿Se puede evitar un conflicto? ¿Cómo?
Se puede minimizar comunicándose bien, actualizando ramas frecuentemente y haciendo commits pequeños y frecuentes.




Crear una nueva branch suprema a partir de la branch master. (Puede usar el comando git checkout -b suprema).
me da error captura esta en el word 

Moverse a la branch suprema. (Puede usar el comando git checkout).
C:\Users\Jose Ramon\Desktop\IESlaCa-uelaAWEB\Actividades\3.conflicts>git checkout
M       Actividades/2.branchs/pizza.txt

Cambiar el contenido del archivo 3.conflicts/milanesa.txt donde dice lomo por pollo.
realizado 

"Commitear" los cambios. (Puede usar el comando git commit -am "Cambio de lomo a pollo").
C:\Users\Jose Ramon\Desktop\IESlaCa-uelaAWEB\Actividades\3.conflicts>git commit -am "Cambio de lomo a pollo"
[suprema 3c0af95] Cambio de lomo a pollo
 2 files changed, 5 insertions(+), 1 deletion(-)

Moverse a la branch master. (Puede usar el comando git checkout).
realizado 

Crear una nueva branch bife a partir de la branch master. (Puede usar el comando git checkout -b bife).
C:\Users\Jose Ramon\Desktop\IESlaCa-uelaAWEB\Actividades\3.conflicts>git checkout -b bife
Switched to a new branch 'bife'

Moverse a la branch bife. (Puede usar el comando git checkout).
realizado 

Cambiar el contenido del archivo 3.conflicts/milanesa.txt donde dice lomo por bife.
realizado 

Haga un git diff master suprema y un git diff master bife. ¿Qué observa?
codigo que me da error puesto en word 

Moverse a la branch master. Corra un git status, ¿qué observa?
comando que me da error,captura puesta en el word 
cuando corro git status aparece:
On branch bife
Changes not staged for commit:
  (use "git add <file>..." to update what will be committed)
  (use "git restore <file>..." to discard changes in working directory)
        modified:   milanesa.txt

Untracked files:
  (use "git add <file>..." to include in what will be committed)
        ../1.commit/preguntas teoricas.md
        jose_camacho.txt
        ../../e_quezada.txt

no changes added to commit (use "git add" and/or "git commit -a")

Ejecute git merge bife. Funcionó?
C:\Users\Jose Ramon\Desktop\IESlaCa-uelaAWEB\Actividades\3.conflicts>git merge bife
Already up to date.

Ejecute git merge suprema. Funcionó?
C:\Users\Jose Ramon\Desktop\IESlaCa-uelaAWEB\Actividades\3.conflicts>git merge suprema
Already up to date.

Ejecute git status. Que observa?
On branch bife
Changes not staged for commit:
  (use "git add <file>..." to update what will be committed)
  (use "git restore <file>..." to discard changes in working directory)
        modified:   milanesa.txt

Untracked files:
  (use "git add <file>..." to include in what will be committed)
        ../1.commit/preguntas teoricas.md
        jose_camacho.txt
        ../../e_quezada.txt

no changes added to commit (use "git add" and/or "git commit -a")


Vea el contenido del archivo 3.conflicts/milanesa.txt. ¿Qué observa?
Aborte el merge. (Puede usar el comando git merge --abort).
error puesto en el word 

Vuelva a ejecutar git merge suprema.

Resuelva el conflicto manualmente.

